[gregeo.000webhostapp.com/indexd41d.html]
[gregeo.000webhostapp.com/imagens/favicon.ico]
[backblue.gif]
[fade.gif]
[index.html]
[gregeo.000webhostapp.com/css/estilo.css]
[gregeo.000webhostapp.com/css/SpryValidationTextField.css]
[gregeo.000webhostapp.com/css/SpryValidationTextarea.css]
[gregeo.000webhostapp.com/css/SpryValidationSelect.css]
[gregeo.000webhostapp.com/css/estilomail.css]
[gregeo.000webhostapp.com/imagens/logounb.jpg]
[gregeo.000webhostapp.com/imagens/peq/logounb.jpg]
[gregeo.000webhostapp.com/imagens/logotipo.jpg]
[gregeo.000webhostapp.com/imagens/peq/logotipo.jpg]
[gregeo.000webhostapp.com/indexdcb9.html]
[gregeo.000webhostapp.com/index47a1.html]
[gregeo.000webhostapp.com/index2d97.html]
[gregeo.000webhostapp.com/indexac05.html]
[gregeo.000webhostapp.com/index59b3.html]
[gregeo.000webhostapp.com/index5344.html]
[gregeo.000webhostapp.com/index3209.html]
[gregeo.000webhostapp.com/index8019.html]
[gregeo.000webhostapp.com/imagens/logosbe.jpg]
[gregeo.000webhostapp.com/imagens/2013/fevereiro/fev01.jpg]
[gregeo.000webhostapp.com/imagens/med/2013fev01.jpg]
[gregeo.000webhostapp.com/imagens/2013/fevereiro/fev3_17.jpg]
[gregeo.000webhostapp.com/imagens/med/fot01.jpg]
[gregeo.000webhostapp.com/imagens/2012/novembro/nov2_03.jpg]
[gregeo.000webhostapp.com/imagens/med/fot02.jpg]
[gregeo.000webhostapp.com/imagens/2013/fevereiro/fev3_02.jpg]
[gregeo.000webhostapp.com/imagens/med/fot03.jpg]
[gregeo.000webhostapp.com/imagens/2012/novembro/nov2_16.jpg]
[gregeo.000webhostapp.com/imagens/med/fot04.jpg]
[gregeo.000webhostapp.com/imagens/2012/novembro/nov2_17.jpg]
[gregeo.000webhostapp.com/imagens/med/fot05.jpg]
[gregeo.000webhostapp.com/imagens/2013/fevereiro/fev3_20.jpg]
[gregeo.000webhostapp.com/imagens/med/fot06.jpg]
[gregeo.000webhostapp.com/imagens/antigas/vazante/vazante14.jpg]
[gregeo.000webhostapp.com/imagens/med/fot07.jpg]
[gregeo.000webhostapp.com/imagens/2012/novembro/nov2_18.jpg]
[gregeo.000webhostapp.com/imagens/med/fot08.jpg]
[gregeo.000webhostapp.com/imagens/logoredespeleo.jpg]
[gregeo.000webhostapp.com/imagens/logoegb.jpg]
[cdn.000webhost.com/000webhost/logo/footer-powered-by-000webhost-white2.png]
[gregeo.000webhostapp.com/indexd41d.html]
[a.opmnstr.com/app/js/api.min.js]
[gregeo.000webhostapp.com/imagens/bac.png]
[gregeo.000webhostapp.com/css/estilo.css]
[gregeo.000webhostapp.com/css/SpryValidationTextField.css]
[gregeo.000webhostapp.com/css/SpryValidationTextarea.css]
[gregeo.000webhostapp.com/css/SpryValidationSelect.css]
[gregeo.000webhostapp.com/imagens/btn.jpg]
[gregeo.000webhostapp.com/css/estilomail.css]
[gregeo.000webhostapp.com/indexdcb9.html]
[gregeo.000webhostapp.com/index47a1.html]
[gregeo.000webhostapp.com/index88b3.html]
[gregeo.000webhostapp.com/imagens/med/2014jan.jpg]
[gregeo.000webhostapp.com/index0aca.html]
[gregeo.000webhostapp.com/imagens/med/2013novembro2.jpg]
[gregeo.000webhostapp.com/indexdb51.html]
[gregeo.000webhostapp.com/imagens/med/2013novembro1.jpg]
[gregeo.000webhostapp.com/index032f.html]
[gregeo.000webhostapp.com/imagens/med/2013outubro.jpg]
[gregeo.000webhostapp.com/index222c.html]
[gregeo.000webhostapp.com/imagens/med/2013setembro2.jpg]
[gregeo.000webhostapp.com/index59b9.html]
[gregeo.000webhostapp.com/imagens/med/2013setembro1.jpg]
[gregeo.000webhostapp.com/index46ad.html]
[gregeo.000webhostapp.com/imagens/med/2013maio.jpg]
[gregeo.000webhostapp.com/indexe75c.html]
[gregeo.000webhostapp.com/imagens/med/2013abril.jpg]
[gregeo.000webhostapp.com/index1f9a.html]
[gregeo.000webhostapp.com/imagens/med/2013mar1_06.jpg]
[gregeo.000webhostapp.com/indexe520.html]
[gregeo.000webhostapp.com/imagens/med/2013fev17.jpg]
[gregeo.000webhostapp.com/indexdae4.html]
[gregeo.000webhostapp.com/imagens/med/2013jan01.jpg]
[gregeo.000webhostapp.com/indexe749.html]
[gregeo.000webhostapp.com/imagens/med/2012dez06.jpg]
[gregeo.000webhostapp.com/indexd29e.html]
[gregeo.000webhostapp.com/imagens/med/2012nov2_18.jpg]
[gregeo.000webhostapp.com/index1c92.html]
[gregeo.000webhostapp.com/imagens/med/2012out05.jpg]
[gregeo.000webhostapp.com/indexdd2b.html]
[gregeo.000webhostapp.com/imagens/med/2012set06.jpg]
[gregeo.000webhostapp.com/index9a64.html]
[gregeo.000webhostapp.com/imagens/med/2012ago01.jpg]
[gregeo.000webhostapp.com/index6c5d.html]
[gregeo.000webhostapp.com/imagens/med/2011ago10.jpg]
[gregeo.000webhostapp.com/index18f3.html]
[gregeo.000webhostapp.com/imagens/med/2011mai03.jpg]
[gregeo.000webhostapp.com/indexcfc6.html]
[gregeo.000webhostapp.com/imagens/med/2011mar01.jpg]
[gregeo.000webhostapp.com/index37c7.html]
[gregeo.000webhostapp.com/imagens/med/2008abr01.jpg]
[gregeo.000webhostapp.com/index4ebe.html]
[gregeo.000webhostapp.com/index554d.html]
[gregeo.000webhostapp.com/indexb379.html]
[gregeo.000webhostapp.com/index2d97.html]
[gregeo.000webhostapp.com/index4dc5.html]
[gregeo.000webhostapp.com/index2ebb.html]
[gregeo.000webhostapp.com/imagens/antigas/primeirassaidas/antigas_01.jpg]
[gregeo.000webhostapp.com/index77c7.html]
[gregeo.000webhostapp.com/imagens/antigas/cbe1989/cbe19.jpg]
[gregeo.000webhostapp.com/indexded8.html]
[gregeo.000webhostapp.com/imagens/antigas/cbe1993/cbe03.jpg]
[gregeo.000webhostapp.com/indexfe3e.html]
[gregeo.000webhostapp.com/imagens/antigas/abismodocagadao/cagadao07.jpg]
[gregeo.000webhostapp.com/index1b9f.html]
[gregeo.000webhostapp.com/imagens/antigas/buracodasararas/araras_016.jpg]
[gregeo.000webhostapp.com/index5939.html]
[gregeo.000webhostapp.com/imagens/antigas/expedicaogoias/1988_12.jpg]
[gregeo.000webhostapp.com/index6168.html]
[gregeo.000webhostapp.com/imagens/antigas/vazante/vazante05.jpg]
[gregeo.000webhostapp.com/indexac05.html]
[gregeo.000webhostapp.com/imagens/espeleo/estalactites.jpg]
[gregeo.000webhostapp.com/imagens/med/estalactites.jpg]
[gregeo.000webhostapp.com/imagens/espeleo/calcario.jpg]
[gregeo.000webhostapp.com/imagens/med/calcario.jpg]
[gregeo.000webhostapp.com/imagens/2012/novembro/nov2_15.jpg]
[gregeo.000webhostapp.com/imagens/2008/abril/abr02.jpg]
[gregeo.000webhostapp.com/imagens/espeleo/lapias.jpg]
[gregeo.000webhostapp.com/imagens/2012/setembro/set11.jpg]
[gregeo.000webhostapp.com/imagens/espeleo/estalagmites.jpg]
[gregeo.000webhostapp.com/imagens/espeleo/coluna.jpg]
[gregeo.000webhostapp.com/imagens/2012/novembro/nov2_19.jpg]
[gregeo.000webhostapp.com/imagens/espeleo/vulcanica.jpg]
[gregeo.000webhostapp.com/index59b3.html]
[gregeo.000webhostapp.com/imagens/2012/novembro/nov07.jpg]
[gregeo.000webhostapp.com/imagens/2012/novembro/nov08.jpg]
[gregeo.000webhostapp.com/imagens/2013/fevereiro/fev09.jpg]
[gregeo.000webhostapp.com/imagens/2013/fevereiro/med/fev09.jpg]
[gregeo.000webhostapp.com/imagens/2013/fevereiro/fev14.jpg]
[gregeo.000webhostapp.com/imagens/2013/fevereiro/med/fev14.jpg]
[gregeo.000webhostapp.com/imagens/2013/fevereiro/fev13.jpg]
[gregeo.000webhostapp.com/imagens/2013/fevereiro/med/fev13.jpg]
[gregeo.000webhostapp.com/imagens/2013/marco/mar1_02.jpg]
[gregeo.000webhostapp.com/imagens/2013/marco/med/mar1_02.jpg]
[gregeo.000webhostapp.com/imagens/2012/dezembro/dez08.jpg]
[gregeo.000webhostapp.com/imagens/2012/dezembro/med/dez08.jpg]
[gregeo.000webhostapp.com/imagens/2012/novembro/nov03.jpg]
[gregeo.000webhostapp.com/imagens/2012/novembro/med/nov03.jpg]
[gregeo.000webhostapp.com/imagens/2011/agosto/ago10.jpg]
[gregeo.000webhostapp.com/imagens/2011/agosto/med/ago10.jpg]
[gregeo.000webhostapp.com/imagens/2011/agosto/ago11.jpg]
[gregeo.000webhostapp.com/imagens/2011/agosto/med/ago11.jpg]
[gregeo.000webhostapp.com/imagens/2011/agosto/ago12.jpg]
[gregeo.000webhostapp.com/imagens/2011/agosto/med/ago12.jpg]
[gregeo.000webhostapp.com/imagens/2011/maio/mai03.jpg]
[gregeo.000webhostapp.com/imagens/2011/maio/med/mai03.jpg]
[gregeo.000webhostapp.com/imagens/equipamentos/capacete.jpg]
[gregeo.000webhostapp.com/imagens/equipamentos/lanterna.jpg]
[gregeo.000webhostapp.com/imagens/equipamentos/macacao.jpg]
[gregeo.000webhostapp.com/imagens/equipamentos/bota.jpg]
[gregeo.000webhostapp.com/imagens/equipamentos/luvas.jpg]
[gregeo.000webhostapp.com/imagens/equipamentos/mochila.png]
[gregeo.000webhostapp.com/imagens/equipamentos/primeirossocorros.jpg]
[gregeo.000webhostapp.com/imagens/equipamentos/bidon.jpg]
[gregeo.000webhostapp.com/imagens/equipamentos/coletesalvavidas.jpg]
[gregeo.000webhostapp.com/imagens/equipamentos/cobertor.jpg]
[gregeo.000webhostapp.com/imagens/equipamentos/perneira.jpg]
[gregeo.000webhostapp.com/imagens/equipamentos/escada.jpg]
[gregeo.000webhostapp.com/imagens/equipamentos/cordas.jpg]
[gregeo.000webhostapp.com/imagens/equipamentos/equipamentovertical.jpg]
[gregeo.000webhostapp.com/imagens/equipamentos/canivete.jpg]
[gregeo.000webhostapp.com/imagens/equipamentos/camera.jpg]
[gregeo.000webhostapp.com/index5344.html]
[gregeo.000webhostapp.com/index3209.html]
[gregeo.000webhostapp.com/js/SpryValidationTextField.js]
[gregeo.000webhostapp.com/js/SpryValidationTextarea.js]
[gregeo.000webhostapp.com/index8019.html]
[gregeo.000webhostapp.com/js/SpryValidationSelect.js]
[gregeo.000webhostapp.com/imagens/2014/janeiro/jan01.jpg]
[gregeo.000webhostapp.com/imagens/2014/janeiro/jan02.jpg]
[gregeo.000webhostapp.com/imagens/2014/janeiro/jan03.jpg]
[gregeo.000webhostapp.com/imagens/2014/janeiro/jan04.jpg]
[gregeo.000webhostapp.com/imagens/2014/janeiro/jan05.jpg]
[gregeo.000webhostapp.com/imagens/2014/janeiro/jan06.jpg]
[gregeo.000webhostapp.com/imagens/2014/janeiro/jan07.jpg]
[gregeo.000webhostapp.com/imagens/2014/janeiro/jan08.jpg]
[gregeo.000webhostapp.com/imagens/2014/janeiro/jan09.jpg]
[gregeo.000webhostapp.com/imagens/2014/janeiro/jan10.jpg]
[gregeo.000webhostapp.com/imagens/2014/janeiro/jan11.jpg]
[gregeo.000webhostapp.com/index88b3.html]
[gregeo.000webhostapp.com/imagens/2013/novembro/2_01.jpg]
[gregeo.000webhostapp.com/imagens/2013/novembro/2_03.jpg]
[gregeo.000webhostapp.com/imagens/2013/novembro/2_04.jpg]
[gregeo.000webhostapp.com/imagens/2013/novembro/2_02.jpg]
[gregeo.000webhostapp.com/imagens/2013/novembro/2_05.jpg]
[gregeo.000webhostapp.com/imagens/2013/novembro/2_06.jpg]
[gregeo.000webhostapp.com/imagens/2013/novembro/2_08.jpg]
[gregeo.000webhostapp.com/imagens/2013/novembro/2_11.jpg]
[gregeo.000webhostapp.com/imagens/2013/novembro/2_12.jpg]
[gregeo.000webhostapp.com/imagens/2013/novembro/2_10.jpg]
[gregeo.000webhostapp.com/imagens/2013/novembro/2_09.jpg]
[gregeo.000webhostapp.com/index0aca.html]
[gregeo.000webhostapp.com/imagens/2013/novembro/1_01.jpg]
[gregeo.000webhostapp.com/imagens/2013/novembro/1_02.jpg]
[gregeo.000webhostapp.com/imagens/2013/novembro/1_03.jpg]
[gregeo.000webhostapp.com/imagens/2013/novembro/1_04.jpg]
[gregeo.000webhostapp.com/imagens/2013/novembro/1_05.jpg]
[gregeo.000webhostapp.com/imagens/2013/novembro/1_06.jpg]
[gregeo.000webhostapp.com/imagens/2013/novembro/1_08.jpg]
[gregeo.000webhostapp.com/imagens/2013/novembro/1_09.jpg]
[gregeo.000webhostapp.com/imagens/2013/novembro/1_10.jpg]
[gregeo.000webhostapp.com/imagens/2013/novembro/1_11.jpg]
[gregeo.000webhostapp.com/indexdb51.html]
[gregeo.000webhostapp.com/imagens/2013/outubro/out01.jpg]
[gregeo.000webhostapp.com/imagens/2013/outubro/out02.jpg]
[gregeo.000webhostapp.com/imagens/2013/outubro/out05.jpg]
[gregeo.000webhostapp.com/imagens/2013/outubro/out07.jpg]
[gregeo.000webhostapp.com/imagens/2013/outubro/out08.jpg]
[gregeo.000webhostapp.com/imagens/2013/outubro/out09.jpg]
[gregeo.000webhostapp.com/imagens/2013/outubro/out10.jpg]
[gregeo.000webhostapp.com/imagens/2013/outubro/out11.jpg]
[gregeo.000webhostapp.com/imagens/2013/outubro/out12.jpg]
[gregeo.000webhostapp.com/imagens/2013/outubro/out13.jpg]
[gregeo.000webhostapp.com/imagens/2013/outubro/out14.jpg]
[gregeo.000webhostapp.com/imagens/2013/outubro/out06.jpg]
[gregeo.000webhostapp.com/index032f.html]
[gregeo.000webhostapp.com/index5122.html]
[gregeo.000webhostapp.com/imagens/2013/setembro/set2_01.jpg]
[gregeo.000webhostapp.com/imagens/2013/setembro/set2_02.jpg]
[gregeo.000webhostapp.com/imagens/2013/setembro/set2_03.jpg]
[gregeo.000webhostapp.com/imagens/2013/setembro/set2_04.jpg]
[gregeo.000webhostapp.com/imagens/2013/setembro/set2_05.jpg]
[gregeo.000webhostapp.com/imagens/2013/setembro/set2_06.jpg]
[gregeo.000webhostapp.com/imagens/2013/setembro/set2_07.jpg]
[gregeo.000webhostapp.com/imagens/2013/setembro/set2_08.jpg]
[gregeo.000webhostapp.com/imagens/2013/setembro/set2_09.jpg]
[gregeo.000webhostapp.com/imagens/2013/setembro/set2_10.jpg]
[gregeo.000webhostapp.com/imagens/2013/setembro/set2_11.jpg]
[gregeo.000webhostapp.com/imagens/2013/setembro/set2_13.jpg]
[gregeo.000webhostapp.com/imagens/2013/setembro/set2_14.jpg]
[gregeo.000webhostapp.com/imagens/2013/setembro/set2_15.jpg]
[gregeo.000webhostapp.com/imagens/2013/setembro/set2_16.jpg]
[gregeo.000webhostapp.com/imagens/2013/setembro/set2_17.jpg]
[gregeo.000webhostapp.com/imagens/2013/setembro/set2_18.jpg]
[gregeo.000webhostapp.com/imagens/2013/setembro/set2_19.jpg]
[gregeo.000webhostapp.com/imagens/2013/setembro/set2_20.jpg]
[gregeo.000webhostapp.com/imagens/2013/setembro/set2_21.jpg]
[gregeo.000webhostapp.com/imagens/2013/setembro/set2_22.jpg]
[gregeo.000webhostapp.com/imagens/2013/setembro/set2_23.jpg]
[gregeo.000webhostapp.com/imagens/2013/setembro/set2_24.jpg]
[gregeo.000webhostapp.com/index222c.html]
[gregeo.000webhostapp.com/imagens/2013/setembro/set01.jpg]
[gregeo.000webhostapp.com/imagens/2013/setembro/set02.jpg]
[gregeo.000webhostapp.com/imagens/2013/setembro/set03.jpg]
[gregeo.000webhostapp.com/imagens/2013/setembro/set04.jpg]
[gregeo.000webhostapp.com/imagens/2013/setembro/set05.jpg]
[gregeo.000webhostapp.com/imagens/2013/setembro/set06.jpg]
[gregeo.000webhostapp.com/imagens/2013/setembro/set07.jpg]
[gregeo.000webhostapp.com/imagens/2013/setembro/set08.jpg]
[gregeo.000webhostapp.com/imagens/2013/setembro/set09.jpg]
[gregeo.000webhostapp.com/imagens/2013/setembro/set10.jpg]
[gregeo.000webhostapp.com/imagens/2013/setembro/set11.jpg]
[gregeo.000webhostapp.com/imagens/2013/setembro/set12.jpg]
[gregeo.000webhostapp.com/imagens/2013/setembro/set13.jpg]
[gregeo.000webhostapp.com/imagens/2013/setembro/set15.jpg]
[gregeo.000webhostapp.com/imagens/2013/setembro/set16.jpg]
[gregeo.000webhostapp.com/imagens/2013/setembro/set17.jpg]
[gregeo.000webhostapp.com/imagens/2013/setembro/set18.jpg]
[gregeo.000webhostapp.com/imagens/2013/setembro/set19.jpg]
[gregeo.000webhostapp.com/imagens/2013/setembro/set20.jpg]
[gregeo.000webhostapp.com/imagens/2013/setembro/set21.jpg]
[gregeo.000webhostapp.com/imagens/2013/setembro/set22.jpg]
[gregeo.000webhostapp.com/imagens/2013/setembro/set23.jpg]
[gregeo.000webhostapp.com/imagens/2013/setembro/set14.jpg]
[gregeo.000webhostapp.com/index59b9.html]
[gregeo.000webhostapp.com/imagens/2013/maio/mai01.jpg]
[gregeo.000webhostapp.com/imagens/2013/maio/mai02.jpg]
[gregeo.000webhostapp.com/imagens/2013/maio/mai03.jpg]
[gregeo.000webhostapp.com/imagens/2013/maio/mai04.jpg]
[gregeo.000webhostapp.com/imagens/2013/maio/mai05.jpg]
[gregeo.000webhostapp.com/imagens/2013/maio/mai06.jpg]
[gregeo.000webhostapp.com/imagens/2013/maio/mai07.jpg]
[gregeo.000webhostapp.com/imagens/2013/maio/mai08.jpg]
[gregeo.000webhostapp.com/imagens/2013/maio/mai09.jpg]
[gregeo.000webhostapp.com/imagens/2013/maio/mai10.jpg]
[gregeo.000webhostapp.com/imagens/2013/maio/mai11.jpg]
[gregeo.000webhostapp.com/imagens/2013/maio/mai12.jpg]
[gregeo.000webhostapp.com/imagens/2013/maio/mai13.jpg]
[gregeo.000webhostapp.com/imagens/2013/maio/mai14.jpg]
[gregeo.000webhostapp.com/index46ad.html]
[gregeo.000webhostapp.com/imagens/2013/abril/abr01.jpg]
[gregeo.000webhostapp.com/imagens/2013/abril/abr02.jpg]
[gregeo.000webhostapp.com/imagens/2013/abril/abr03.jpg]
[gregeo.000webhostapp.com/imagens/2013/abril/abr04.jpg]
[gregeo.000webhostapp.com/imagens/2013/abril/abr05.jpg]
[gregeo.000webhostapp.com/imagens/2013/abril/abr06.jpg]
[gregeo.000webhostapp.com/imagens/2013/abril/abr07.jpg]
[gregeo.000webhostapp.com/imagens/2013/abril/abr08.jpg]
[gregeo.000webhostapp.com/imagens/2013/abril/abr09.jpg]
[gregeo.000webhostapp.com/imagens/2013/abril/abr10.jpg]
[gregeo.000webhostapp.com/imagens/2013/abril/abr11.jpg]
[gregeo.000webhostapp.com/imagens/2013/abril/abr12.jpg]
[gregeo.000webhostapp.com/imagens/2013/abril/abr13.jpg]
[gregeo.000webhostapp.com/imagens/2013/abril/abr14.jpg]
[gregeo.000webhostapp.com/imagens/2013/abril/abr15.jpg]
[gregeo.000webhostapp.com/imagens/2013/abril/abr16.jpg]
[gregeo.000webhostapp.com/imagens/2013/abril/abr17.jpg]
[gregeo.000webhostapp.com/indexe75c.html]
[gregeo.000webhostapp.com/index6c68.html]
[gregeo.000webhostapp.com/imagens/2013/marco/mar2_01.jpg]
[gregeo.000webhostapp.com/imagens/2013/marco/mar2_02.jpg]
[gregeo.000webhostapp.com/imagens/2013/marco/mar2_03.jpg]
[gregeo.000webhostapp.com/imagens/2013/marco/mar2_04.jpg]
[gregeo.000webhostapp.com/imagens/2013/marco/mar2_05.jpg]
[gregeo.000webhostapp.com/imagens/2013/marco/mar2_06.jpg]
[gregeo.000webhostapp.com/imagens/2013/marco/mar2_07.jpg]
[gregeo.000webhostapp.com/imagens/2013/marco/mar2_08.jpg]
[gregeo.000webhostapp.com/imagens/2013/marco/mar2_09.jpg]
[gregeo.000webhostapp.com/imagens/2013/marco/mar2_10.jpg]
[gregeo.000webhostapp.com/imagens/2013/marco/mar2_11.jpg]
[gregeo.000webhostapp.com/imagens/2013/marco/mar2_12.jpg]
[gregeo.000webhostapp.com/imagens/2013/marco/mar2_13.jpg]
[gregeo.000webhostapp.com/imagens/2013/marco/mar1_01.jpg]
[gregeo.000webhostapp.com/imagens/2013/marco/mar1_03.jpg]
[gregeo.000webhostapp.com/imagens/2013/marco/mar1_04.jpg]
[gregeo.000webhostapp.com/imagens/2013/marco/mar1_05.jpg]
[gregeo.000webhostapp.com/imagens/2013/marco/mar1_06.jpg]
[gregeo.000webhostapp.com/imagens/2013/marco/mar1_07.jpg]
[gregeo.000webhostapp.com/index1f9a.html]
[gregeo.000webhostapp.com/imagens/2013/fevereiro/fev3_01.jpg]
[gregeo.000webhostapp.com/imagens/2013/fevereiro/fev3_03.jpg]
[gregeo.000webhostapp.com/imagens/2013/fevereiro/fev3_04.jpg]
[gregeo.000webhostapp.com/imagens/2013/fevereiro/fev3_05.jpg]
[gregeo.000webhostapp.com/imagens/2013/fevereiro/fev3_06.jpg]
[gregeo.000webhostapp.com/imagens/2013/fevereiro/fev3_07.jpg]
[gregeo.000webhostapp.com/imagens/2013/fevereiro/fev3_08.jpg]
[gregeo.000webhostapp.com/imagens/2013/fevereiro/fev3_09.jpg]
[gregeo.000webhostapp.com/imagens/2013/fevereiro/fev3_10.jpg]
[gregeo.000webhostapp.com/imagens/2013/fevereiro/fev3_11.jpg]
[gregeo.000webhostapp.com/imagens/2013/fevereiro/fev3_12.jpg]
[gregeo.000webhostapp.com/imagens/2013/fevereiro/fev3_13.jpg]
[gregeo.000webhostapp.com/imagens/2013/fevereiro/fev3_14.jpg]
[gregeo.000webhostapp.com/imagens/2013/fevereiro/fev3_15.jpg]
[gregeo.000webhostapp.com/imagens/2013/fevereiro/fev3_18.jpg]
[gregeo.000webhostapp.com/imagens/2013/fevereiro/fev3_19.jpg]
[gregeo.000webhostapp.com/imagens/2013/fevereiro/fev3_16.jpg]
[gregeo.000webhostapp.com/imagens/2013/fevereiro/fev2_01.jpg]
[gregeo.000webhostapp.com/imagens/2013/fevereiro/fev02.jpg]
[gregeo.000webhostapp.com/imagens/2013/fevereiro/fev03.jpg]
[gregeo.000webhostapp.com/imagens/2013/fevereiro/fev04.jpg]
[gregeo.000webhostapp.com/imagens/2013/fevereiro/fev05.jpg]
[gregeo.000webhostapp.com/imagens/2013/fevereiro/fev06.jpg]
[gregeo.000webhostapp.com/imagens/2013/fevereiro/fev07.jpg]
[gregeo.000webhostapp.com/imagens/2013/fevereiro/fev08.jpg]
[gregeo.000webhostapp.com/imagens/2013/fevereiro/fev10.jpg]
[gregeo.000webhostapp.com/imagens/2013/fevereiro/fev11.jpg]
[gregeo.000webhostapp.com/imagens/2013/fevereiro/fev12.jpg]
[gregeo.000webhostapp.com/imagens/2013/fevereiro/fev15.jpg]
[gregeo.000webhostapp.com/imagens/2013/fevereiro/fev16.jpg]
[gregeo.000webhostapp.com/imagens/2013/fevereiro/fev17.jpg]
[gregeo.000webhostapp.com/imagens/2013/fevereiro/fev18.jpg]
[gregeo.000webhostapp.com/imagens/2013/fevereiro/fev19.jpg]
[gregeo.000webhostapp.com/imagens/2013/fevereiro/fev20.jpg]
[gregeo.000webhostapp.com/indexe520.html]
[gregeo.000webhostapp.com/imagens/2013/janeiro/jan01.jpg]
[gregeo.000webhostapp.com/indexdae4.html]
[gregeo.000webhostapp.com/imagens/2012/dezembro/dez01.jpg]
[gregeo.000webhostapp.com/imagens/2012/dezembro/dez02.jpg]
[gregeo.000webhostapp.com/imagens/2012/dezembro/dez03.jpg]
[gregeo.000webhostapp.com/imagens/2012/dezembro/dez04.jpg]
[gregeo.000webhostapp.com/imagens/2012/dezembro/dez05.jpg]
[gregeo.000webhostapp.com/imagens/2012/dezembro/dez06.jpg]
[gregeo.000webhostapp.com/imagens/2012/dezembro/dez07.jpg]
[gregeo.000webhostapp.com/imagens/2012/dezembro/dez09.jpg]
[gregeo.000webhostapp.com/imagens/2012/dezembro/dez10.jpg]
[gregeo.000webhostapp.com/imagens/2012/dezembro/dez11.jpg]
[gregeo.000webhostapp.com/imagens/2012/dezembro/dez12.jpg]
[gregeo.000webhostapp.com/imagens/2012/dezembro/dez13.jpg]
[gregeo.000webhostapp.com/indexe749.html]
[gregeo.000webhostapp.com/imagens/2012/novembro/nov2_01.jpg]
[gregeo.000webhostapp.com/imagens/2012/novembro/nov2_02.jpg]
[gregeo.000webhostapp.com/imagens/2012/novembro/nov2_04.jpg]
[gregeo.000webhostapp.com/imagens/2012/novembro/nov2_05.jpg]
[gregeo.000webhostapp.com/imagens/2012/novembro/nov2_06.jpg]
[gregeo.000webhostapp.com/imagens/2012/novembro/nov2_07.jpg]
[gregeo.000webhostapp.com/imagens/2012/novembro/nov2_08.jpg]
[gregeo.000webhostapp.com/imagens/2012/novembro/nov2_09.jpg]
[gregeo.000webhostapp.com/imagens/2012/novembro/nov2_10.jpg]
[gregeo.000webhostapp.com/imagens/2012/novembro/nov2_11.jpg]
[gregeo.000webhostapp.com/imagens/2012/novembro/nov2_12.jpg]
[gregeo.000webhostapp.com/imagens/2012/novembro/nov2_13.jpg]
[gregeo.000webhostapp.com/imagens/2012/novembro/nov2_14.jpg]
[gregeo.000webhostapp.com/imagens/2012/novembro/nov01.jpg]
[gregeo.000webhostapp.com/imagens/2012/novembro/nov02.jpg]
[gregeo.000webhostapp.com/imagens/2012/novembro/nov04.jpg]
[gregeo.000webhostapp.com/imagens/2012/novembro/nov05.jpg]
[gregeo.000webhostapp.com/imagens/2012/novembro/nov06.jpg]
[gregeo.000webhostapp.com/imagens/2012/novembro/nov09.jpg]
[gregeo.000webhostapp.com/imagens/2012/novembro/nov10.jpg]
[gregeo.000webhostapp.com/imagens/2012/novembro/nov11.jpg]
[gregeo.000webhostapp.com/imagens/2012/novembro/nov12.jpg]
[gregeo.000webhostapp.com/imagens/2012/novembro/nov13.jpg]
[gregeo.000webhostapp.com/imagens/2012/novembro/nov14.jpg]
[gregeo.000webhostapp.com/indexd29e.html]
[gregeo.000webhostapp.com/imagens/2012/outubro/out01.jpg]
[gregeo.000webhostapp.com/imagens/2012/outubro/out02.jpg]
[gregeo.000webhostapp.com/imagens/2012/outubro/out04.jpg]
[gregeo.000webhostapp.com/imagens/2012/outubro/out05.jpg]
[gregeo.000webhostapp.com/imagens/2012/outubro/out06.jpg]
[gregeo.000webhostapp.com/imagens/2012/outubro/out07.jpg]
[gregeo.000webhostapp.com/imagens/2012/outubro/out03.jpg]
[gregeo.000webhostapp.com/imagens/2012/outubro/out08.jpg]
[gregeo.000webhostapp.com/imagens/2012/outubro/out09.jpg]
[gregeo.000webhostapp.com/imagens/2012/outubro/out10.jpg]
[gregeo.000webhostapp.com/index1c92.html]
[gregeo.000webhostapp.com/imagens/2012/setembro/set01.jpg]
[gregeo.000webhostapp.com/imagens/2012/setembro/set02.jpg]
[gregeo.000webhostapp.com/imagens/2012/setembro/set03.jpg]
[gregeo.000webhostapp.com/imagens/2012/setembro/set04.jpg]
[gregeo.000webhostapp.com/imagens/2012/setembro/set05.jpg]
[gregeo.000webhostapp.com/imagens/2012/setembro/set06.jpg]
[gregeo.000webhostapp.com/imagens/2012/setembro/set07.jpg]
[gregeo.000webhostapp.com/imagens/2012/setembro/set08.jpg]
[gregeo.000webhostapp.com/imagens/2012/setembro/set09.jpg]
[gregeo.000webhostapp.com/imagens/2012/setembro/set10.jpg]
[gregeo.000webhostapp.com/indexdd2b.html]
[gregeo.000webhostapp.com/imagens/2012/agosto/ago01.jpg]
[gregeo.000webhostapp.com/imagens/2012/agosto/ago02.jpg]
[gregeo.000webhostapp.com/imagens/2012/agosto/ago03.jpg]
[gregeo.000webhostapp.com/index9a64.html]
[gregeo.000webhostapp.com/imagens/2011/agosto/ago01.jpg]
[gregeo.000webhostapp.com/imagens/2011/agosto/ago02.jpg]
[gregeo.000webhostapp.com/imagens/2011/agosto/ago03.jpg]
[gregeo.000webhostapp.com/imagens/2011/agosto/ago04.jpg]
[gregeo.000webhostapp.com/imagens/2011/agosto/ago05.jpg]
[gregeo.000webhostapp.com/imagens/2011/agosto/ago06.jpg]
[gregeo.000webhostapp.com/imagens/2011/agosto/ago07.jpg]
[gregeo.000webhostapp.com/imagens/2011/agosto/ago08.jpg]
[gregeo.000webhostapp.com/imagens/2011/agosto/ago09.jpg]
[gregeo.000webhostapp.com/imagens/2011/agosto/ago13.jpg]
[gregeo.000webhostapp.com/index6c5d.html]
[gregeo.000webhostapp.com/imagens/2011/maio/mai01.jpg]
[gregeo.000webhostapp.com/imagens/2011/maio/mai02.jpg]
[gregeo.000webhostapp.com/imagens/2011/maio/mai04.jpg]
[gregeo.000webhostapp.com/imagens/2011/maio/mai05.jpg]
[gregeo.000webhostapp.com/index18f3.html]
[gregeo.000webhostapp.com/imagens/2011/marco/mar01.jpg]
[gregeo.000webhostapp.com/indexcfc6.html]
[gregeo.000webhostapp.com/imagens/2008/abril/abr01.jpg]
[gregeo.000webhostapp.com/imagens/2008/abril/abr03.jpg]
[gregeo.000webhostapp.com/index37c7.html]
[gregeo.000webhostapp.com/index4ebe.html]
[gregeo.000webhostapp.com/index554d.html]
[gregeo.000webhostapp.com/indexb379.html]
[gregeo.000webhostapp.com/index4dc5.html]
[gregeo.000webhostapp.com/imagens/antigas/primeirassaidas/antigas_02.jpg]
[gregeo.000webhostapp.com/imagens/antigas/primeirassaidas/antigas_03.jpg]
[gregeo.000webhostapp.com/imagens/antigas/primeirassaidas/buracodasararas_85_01.jpg]
[gregeo.000webhostapp.com/imagens/antigas/primeirassaidas/buracodasararas_85_02.jpg]
[gregeo.000webhostapp.com/imagens/antigas/primeirassaidas/buracodasararas_85_03.jpg]
[gregeo.000webhostapp.com/imagens/antigas/primeirassaidas/buracodasararas_85_04.jpg]
[gregeo.000webhostapp.com/imagens/antigas/primeirassaidas/grutadetamboril85_01.jpg]
[gregeo.000webhostapp.com/imagens/antigas/primeirassaidas/grutadetamboril85_02.jpg]
[gregeo.000webhostapp.com/imagens/antigas/primeirassaidas/grutadetamboril85_03.jpg]
[gregeo.000webhostapp.com/imagens/antigas/primeirassaidas/jaboticaba_paineiras_85_01.jpg]
[gregeo.000webhostapp.com/imagens/antigas/primeirassaidas/jaboticaba_paineiras_85_02.jpg]
[gregeo.000webhostapp.com/imagens/antigas/primeirassaidas/jaboticaba_paineiras_85_03.jpg]
[gregeo.000webhostapp.com/imagens/antigas/primeirassaidas/jaboticaba_paineiras_85_04.jpg]
[gregeo.000webhostapp.com/imagens/antigas/primeirassaidas/jaboticaba_paineiras_85_05.jpg]
[gregeo.000webhostapp.com/imagens/antigas/primeirassaidas/jaboticaba_paineiras_85_06.jpg]
[gregeo.000webhostapp.com/imagens/antigas/primeirassaidas/jaboticaba_paineiras_85_07.jpg]
[gregeo.000webhostapp.com/index2ebb.html]
[gregeo.000webhostapp.com/imagens/antigas/cbe1989/cbe01.jpg]
[gregeo.000webhostapp.com/imagens/antigas/cbe1989/cbe02.jpg]
[gregeo.000webhostapp.com/imagens/antigas/cbe1989/cbe03.jpg]
[gregeo.000webhostapp.com/imagens/antigas/cbe1989/cbe04.jpg]
[gregeo.000webhostapp.com/imagens/antigas/cbe1989/cbe05.jpg]
[gregeo.000webhostapp.com/imagens/antigas/cbe1989/cbe06.jpg]
[gregeo.000webhostapp.com/imagens/antigas/cbe1989/cbe07.jpg]
[gregeo.000webhostapp.com/imagens/antigas/cbe1989/cbe08.jpg]
[gregeo.000webhostapp.com/imagens/antigas/cbe1989/cbe09.jpg]
[gregeo.000webhostapp.com/imagens/antigas/cbe1989/cbe10.jpg]
[gregeo.000webhostapp.com/imagens/antigas/cbe1989/cbe11.jpg]
[gregeo.000webhostapp.com/imagens/antigas/cbe1989/cbe12.jpg]
[gregeo.000webhostapp.com/imagens/antigas/cbe1989/cbe13.jpg]
[gregeo.000webhostapp.com/imagens/antigas/cbe1989/cbe14.jpg]
[gregeo.000webhostapp.com/imagens/antigas/cbe1989/cbe15.jpg]
[gregeo.000webhostapp.com/imagens/antigas/cbe1989/cbe16.jpg]
[gregeo.000webhostapp.com/imagens/antigas/cbe1989/cbe17.jpg]
[gregeo.000webhostapp.com/imagens/antigas/cbe1989/cbe18.jpg]
[gregeo.000webhostapp.com/imagens/antigas/cbe1989/cbe20.jpg]
[gregeo.000webhostapp.com/imagens/antigas/cbe1989/cbe21.jpg]
[gregeo.000webhostapp.com/imagens/antigas/cbe1989/cbe22.jpg]
[gregeo.000webhostapp.com/imagens/antigas/cbe1989/cbe23.jpg]
[gregeo.000webhostapp.com/imagens/antigas/cbe1989/cbe24.jpg]
[gregeo.000webhostapp.com/imagens/antigas/cbe1989/cbe25.jpg]
[gregeo.000webhostapp.com/imagens/antigas/cbe1989/cbe26.jpg]
[gregeo.000webhostapp.com/imagens/antigas/cbe1989/cbe27.jpg]
[gregeo.000webhostapp.com/imagens/antigas/cbe1989/cbe28.jpg]
[gregeo.000webhostapp.com/imagens/antigas/cbe1989/cbe29.jpg]
[gregeo.000webhostapp.com/index77c7.html]
[gregeo.000webhostapp.com/imagens/antigas/cbe1993/cbe01.jpg]
[gregeo.000webhostapp.com/imagens/antigas/cbe1993/cbe02.jpg]
[gregeo.000webhostapp.com/imagens/antigas/cbe1993/cbe04.jpg]
[gregeo.000webhostapp.com/imagens/antigas/cbe1993/cbe05.jpg]
[gregeo.000webhostapp.com/imagens/antigas/cbe1993/cbe06.jpg]
[gregeo.000webhostapp.com/imagens/antigas/cbe1993/cbe07.jpg]
[gregeo.000webhostapp.com/imagens/antigas/cbe1993/cbe08.jpg]
[gregeo.000webhostapp.com/imagens/antigas/cbe1993/cbe09.jpg]
[gregeo.000webhostapp.com/indexded8.html]
[gregeo.000webhostapp.com/imagens/antigas/abismodocagadao/cagadao01.jpg]
[gregeo.000webhostapp.com/imagens/antigas/abismodocagadao/cagadao02.jpg]
[gregeo.000webhostapp.com/imagens/antigas/abismodocagadao/cagadao03.jpg]
[gregeo.000webhostapp.com/imagens/antigas/abismodocagadao/cagadao04.jpg]
[gregeo.000webhostapp.com/imagens/antigas/abismodocagadao/cagadao05.jpg]
[gregeo.000webhostapp.com/imagens/antigas/abismodocagadao/cagadao06.jpg]
[gregeo.000webhostapp.com/imagens/antigas/abismodocagadao/cagadao08.jpg]
[gregeo.000webhostapp.com/imagens/antigas/abismodocagadao/cagadao09.jpg]
[gregeo.000webhostapp.com/imagens/antigas/abismodocagadao/cagadao10.jpg]
[gregeo.000webhostapp.com/imagens/antigas/abismodocagadao/cagadao11.jpg]
[gregeo.000webhostapp.com/imagens/antigas/abismodocagadao/cagadao12.jpg]
[gregeo.000webhostapp.com/indexfe3e.html]
[gregeo.000webhostapp.com/imagens/antigas/buracodasararas/araras_001.jpg]
[gregeo.000webhostapp.com/imagens/antigas/buracodasararas/araras_002.jpg]
[gregeo.000webhostapp.com/imagens/antigas/buracodasararas/araras_003.jpg]
[gregeo.000webhostapp.com/imagens/antigas/buracodasararas/araras_004.jpg]
[gregeo.000webhostapp.com/imagens/antigas/buracodasararas/araras_005.jpg]
[gregeo.000webhostapp.com/imagens/antigas/buracodasararas/araras_006.jpg]
[gregeo.000webhostapp.com/imagens/antigas/buracodasararas/araras_007.jpg]
[gregeo.000webhostapp.com/imagens/antigas/buracodasararas/araras_008.jpg]
[gregeo.000webhostapp.com/imagens/antigas/buracodasararas/araras_009.jpg]
[gregeo.000webhostapp.com/imagens/antigas/buracodasararas/araras_010.jpg]
[gregeo.000webhostapp.com/imagens/antigas/buracodasararas/araras_011.jpg]
[gregeo.000webhostapp.com/imagens/antigas/buracodasararas/araras_012.jpg]
[gregeo.000webhostapp.com/imagens/antigas/buracodasararas/araras_013.jpg]
[gregeo.000webhostapp.com/imagens/antigas/buracodasararas/araras_014.jpg]
[gregeo.000webhostapp.com/imagens/antigas/buracodasararas/araras_015.jpg]
[gregeo.000webhostapp.com/imagens/antigas/buracodasararas/araras_017.jpg]
[gregeo.000webhostapp.com/imagens/antigas/buracodasararas/araras_018.jpg]
[gregeo.000webhostapp.com/imagens/antigas/buracodasararas/araras_019.jpg]
[gregeo.000webhostapp.com/imagens/antigas/buracodasararas/araras_020.jpg]
[gregeo.000webhostapp.com/imagens/antigas/buracodasararas/araras_021.jpg]
[gregeo.000webhostapp.com/imagens/antigas/buracodasararas/araras_022.jpg]
[gregeo.000webhostapp.com/imagens/antigas/buracodasararas/araras_023.jpg]
[gregeo.000webhostapp.com/imagens/antigas/buracodasararas/araras_024.jpg]
[gregeo.000webhostapp.com/imagens/antigas/buracodasararas/araras_025.jpg]
[gregeo.000webhostapp.com/imagens/antigas/buracodasararas/araras_026.jpg]
[gregeo.000webhostapp.com/index1b9f.html]
[gregeo.000webhostapp.com/imagens/antigas/expedicaogoias/1988_01.jpg]
[gregeo.000webhostapp.com/imagens/antigas/expedicaogoias/1988_02.jpg]
[gregeo.000webhostapp.com/imagens/antigas/expedicaogoias/1988_03.jpg]
[gregeo.000webhostapp.com/imagens/antigas/expedicaogoias/1988_04.jpg]
[gregeo.000webhostapp.com/imagens/antigas/expedicaogoias/1988_05.jpg]
[gregeo.000webhostapp.com/imagens/antigas/expedicaogoias/1988_06.jpg]
[gregeo.000webhostapp.com/imagens/antigas/expedicaogoias/1988_07.jpg]
[gregeo.000webhostapp.com/imagens/antigas/expedicaogoias/1988_08.jpg]
[gregeo.000webhostapp.com/imagens/antigas/expedicaogoias/1988_09.jpg]
[gregeo.000webhostapp.com/imagens/antigas/expedicaogoias/1988_10.jpg]
[gregeo.000webhostapp.com/imagens/antigas/expedicaogoias/1988_11.jpg]
[gregeo.000webhostapp.com/imagens/antigas/expedicaogoias/1988_13.jpg]
[gregeo.000webhostapp.com/imagens/antigas/expedicaogoias/1988_14.jpg]
[gregeo.000webhostapp.com/imagens/antigas/expedicaogoias/1988_15.jpg]
[gregeo.000webhostapp.com/imagens/antigas/expedicaogoias/1988_16.jpg]
[gregeo.000webhostapp.com/imagens/antigas/expedicaogoias/1988_17.jpg]
[gregeo.000webhostapp.com/imagens/antigas/expedicaogoias/1988_18.jpg]
[gregeo.000webhostapp.com/index5939.html]
[gregeo.000webhostapp.com/imagens/antigas/vazante/vazante01.jpg]
[gregeo.000webhostapp.com/imagens/antigas/vazante/vazante02.jpg]
[gregeo.000webhostapp.com/imagens/antigas/vazante/vazante04.jpg]
[gregeo.000webhostapp.com/imagens/antigas/vazante/vazante06.jpg]
[gregeo.000webhostapp.com/imagens/antigas/vazante/vazante07.jpg]
[gregeo.000webhostapp.com/imagens/antigas/vazante/vazante08.jpg]
[gregeo.000webhostapp.com/imagens/antigas/vazante/vazante09.jpg]
[gregeo.000webhostapp.com/imagens/antigas/vazante/vazante10.jpg]
[gregeo.000webhostapp.com/imagens/antigas/vazante/vazante11.jpg]
[gregeo.000webhostapp.com/imagens/antigas/vazante/vazante12.jpg]
[gregeo.000webhostapp.com/imagens/antigas/vazante/vazante13.jpg]
[gregeo.000webhostapp.com/imagens/antigas/vazante/vazante15.jpg]
[gregeo.000webhostapp.com/imagens/antigas/vazante/vazante16.jpg]
[gregeo.000webhostapp.com/imagens/antigas/vazante/vazante17.jpg]
[gregeo.000webhostapp.com/imagens/antigas/vazante/vazante18.jpg]
[gregeo.000webhostapp.com/imagens/antigas/vazante/vazante19.jpg]
[gregeo.000webhostapp.com/imagens/antigas/vazante/vazante20.jpg]
[gregeo.000webhostapp.com/imagens/antigas/vazante/vazante21.jpg]
[gregeo.000webhostapp.com/imagens/antigas/vazante/vazante22.jpg]
[gregeo.000webhostapp.com/imagens/antigas/vazante/vazante23.jpg]
[gregeo.000webhostapp.com/index6168.html]
[gregeo.000webhostapp.com/index5122.html]
[gregeo.000webhostapp.com/index6c68.html]
[gregeo.000webhostapp.com/imagens/2013/outubro/out04.jpg]
[gregeo.000webhostapp.com/imagens/antigas/vazante/vazante03.jpg]
